// Jest Snapshot v1, https://goo.gl/fbAQLP

exports[`<ConnectedHomePage /> renders appropriately 1`] = `
<Provider
  store={
    Object {
      "clearActions": [Function],
      "dispatch": [Function],
      "getActions": [Function],
      "getState": [Function],
      "replaceReducer": [Function],
      "subscribe": [Function],
    }
  }
>
  <MemoryRouter>
    <Router
      history={
        Object {
          "action": "POP",
          "block": [Function],
          "canGo": [Function],
          "createHref": [Function],
          "entries": Array [
            Object {
              "hash": "",
              "key": "lpsu7v",
              "pathname": "/",
              "search": "",
              "state": undefined,
            },
          ],
          "go": [Function],
          "goBack": [Function],
          "goForward": [Function],
          "index": 0,
          "length": 1,
          "listen": [Function],
          "location": Object {
            "hash": "",
            "key": "lpsu7v",
            "pathname": "/",
            "search": "",
            "state": undefined,
          },
          "push": [Function],
          "replace": [Function],
        }
      }
    >
      <NotFound>
        <div
          className="not-found"
        >
          <p>
            Let's get you back
            <Link
              to="/"
            >
              <a
                href="/"
                onClick={[Function]}
              >
                 Home 
              </a>
            </Link>
          </p>
        </div>
      </NotFound>
    </Router>
  </MemoryRouter>
</Provider>
`;
